16:21:34 登录成功
16:21:34 TAG_ID=7
16:21:34 待扫 564 / 项目共 695
16:21:52 USED iwmzmiev969138@outlook.com (1/564)
16:21:52 USED iwwlex559305@outlook.com (2/564)
16:22:21 FAIL wjpxkeuh877704@outlook.com 500 Server Error: INTERNAL SERVER ERROR for url: http://10.1
16:22:28 FAIL wpffoly078544@outlook.com 500 Server Error: INTERNAL SERVER ERROR for url: http://10.1
16:23:22 FAIL wqqeul13783@outlook.com 500 Server Error: INTERNAL SERVER ERROR for url: http://10.1
16:23:30 FAIL xbogxur85907@outlook.com 500 Server Error: INTERNAL SERVER ERROR for url: http://10.1
16:26:14 进度 20/564 used=2 clean=14 fail=4
16:28:26 进度 40/564 used=2 clean=34 fail=4
16:29:58 FAIL avuyfx024415@outlook.com 500 Server Error: INTERNAL SERVER ERROR for url: http://10.1
16:30:04 FAIL awddju34438@outlook.com 500 Server Error: INTERNAL SERVER ERROR for url: http://10.1
16:30:59 FAIL awvtkkx06334@outlook.com 500 Server Error: INTERNAL SERVER ERROR for url: http://10.1
16:31:10 FAIL ayiiupqi09195@outlook.com 500 Server Error: INTERNAL SERVER ERROR for url: http://10.1
16:32:17 进度 60/564 used=2 clean=50 fail=8
16:36:32 进度 80/564 used=2 clean=70 fail=8
16:39:00 进度 100/564 used=2 clean=90 fail=8
16:39:52 USED hclpoukd567076@outlook.com (108/564)
16:40:00 USED hdrgvi585161@outlook.com (109/564)
16:40:12 USED hextbwb082707@outlook.com (111/564)
16:40:21 USED hfyfgsjj31844@outlook.com (112/564)
16:40:24 USED hgyorl599498@outlook.com (113/564)
16:40:37 USED hhfkbhq09871@outlook.com (115/564)
16:40:45 USED hhpqdc643318@outlook.com (116/564)
16:40:53 USED hlumiv335601@outlook.com (117/564)
16:41:07 USED hmjhqp529641@outlook.com (118/564)
16:41:12 USED hmrdccuq068960@outlook.com (119/564)
16:41:18 USED hmwzmpyi49450@outlook.com (120/564)
16:41:24 USED hnuykpm91644@outlook.com (121/564)
16:41:38 USED hrvdgk955797@outlook.com (123/564)
16:41:43 USED hsqmfya68072@outlook.com (124/564)
16:41:56 USED htpbilfl113121@outlook.com (125/564)
16:41:56 USED htsbbe946751@outlook.com (126/564)
16:42:22 USED huynoc87000@hotmail.com (127/564)
16:42:48 USED hxfidsl36048@outlook.com (130/564)
16:42:54 USED hxkmzinm45450@outlook.com (131/564)
16:43:11 USED wnxyjbx18884@outlook.com (132/564)
16:43:20 USED wpknohx700264@outlook.com (133/564)
16:43:27 USED hyhfnkj68188@outlook.com (134/564)
16:43:29 USED uzgahdgx70791@outlook.com (135/564)
16:43:37 USED uzwvwzuw61932@outlook.com (136/564)
16:43:41 USED vacyqzsb98630@outlook.com (137/564)
16:43:47 USED vbmmplq326342@outlook.com (138/564)
16:43:55 USED vbqdnsxn05874@outlook.com (139/564)
16:44:02 USED vcbjsutr07107@outlook.com (140/564)
16:44:06 USED vccwxcz68397@outlook.com (141/564)
16:44:16 USED vcjudv75368@outlook.com (142/564)
16:44:16 USED vdawgx71547@outlook.com (143/564)
16:44:29 USED vdsuhh197825@outlook.com (144/564)
16:44:29 USED vftvkbeh11184@outlook.com (145/564)
16:44:40 USED vgpoabdk892690@outlook.com (146/564)
16:44:43 USED vgvoip31824@outlook.com (147/564)
16:44:50 USED vhwiucw95664@outlook.com (148/564)
16:44:52 USED viapapd052122@outlook.com (149/564)
16:45:01 USED visuoj059150@outlook.com (150/564)
16:45:03 USED vivuvfy861813@outlook.com (151/564)
16:45:11 USED vjkszzxj56671@outlook.com (152/564)
16:45:21 USED vlbychky301738@outlook.com (153/564)
16:45:23 USED vnspll92962@outlook.com (154/564)
16:45:31 USED vodeelm38722@outlook.com (155/564)
16:45:39 USED vpdxvda719167@outlook.com (156/564)
16:45:42 USED vpufkcab78305@outlook.com (157/564)
16:45:50 USED vrajezl898161@outlook.com (158/564)
16:45:53 USED vrgyue17622@outlook.com (159/564)
16:46:03 USED vvdxioe99685@outlook.com (160/564)
16:46:10 USED vvjvhts71819@outlook.com (161/564)
16:46:16 USED vvnkenat91798@outlook.com (162/564)
16:46:22 USED vvzkkxyv42671@outlook.com (163/564)
16:46:29 USED vxokzslv078353@outlook.com (164/564)
16:48:04 USED vzgrpu22998@outlook.com (168/564)
16:48:17 USED vztjirgp017896@outlook.com (169/564)
16:48:20 USED wcfddayx76387@outlook.com (170/564)
16:48:52 USED wdfplplj94960@outlook.com (171/564)
16:49:30 USED wdmiya26164@outlook.com (172/564)
16:49:30 USED wdnifynv35495@outlook.com (173/564)
16:50:02 USED wfpmifo558458@outlook.com (174/564)
16:50:02 USED wfkedq011576@outlook.com (175/564)
16:50:18 USED wfrntd809269@outlook.com (176/564)
16:50:18 USED wfsvmkhn280229@outlook.com (177/564)
16:50:38 USED wgcmzrp036354@outlook.com (178/564)
16:50:38 USED whaidvae467908@outlook.com (179/564)
16:50:57 USED wifcbypf69654@outlook.com (180/564)
16:50:59 USED whhercm349207@outlook.com (181/564)
16:51:08 USED wikhluu727361@outlook.com (182/564)
16:51:18 USED wjblibg335000@outlook.com (183/564)
16:51:21 USED wjhfjwpj012726@outlook.com (184/564)
16:51:30 USED dzgolpes248504@outlook.com (185/564)
16:51:41 USED dzmjdaz11244@outlook.com (186/564)
16:51:41 USED dznulj044794@outlook.com (187/564)
16:51:53 USED dzplya066577@outlook.com (188/564)
16:51:53 USED dzsqnyzs38133@outlook.com (189/564)
16:52:04 USED dzsyjsel89912@outlook.com (190/564)
16:52:13 USED dzuljq508877@outlook.com (191/564)
16:52:23 USED dzxila524005@outlook.com (192/564)
16:52:24 USED eabsko937068@outlook.com (193/564)
16:52:34 USED eanehd57962@outlook.com (194/564)
16:52:35 USED eacxmdz68694@outlook.com (195/564)
16:52:46 USED eaofasq779251@outlook.com (196/564)
16:52:56 USED eaqyru02529@outlook.com (197/564)
16:53:07 USED eaxpnce88385@outlook.com (198/564)
16:53:08 USED ebgcpfwn23577@outlook.com (199/564)
16:53:18 USED ebibmm183310@outlook.com (200/564)
16:53:20 USED ebpcuevt46557@outlook.com (201/564)
16:53:30 USED ebshyef433894@outlook.com (202/564)
16:53:42 USED ebspdu19561@outlook.com (203/564)
16:53:48 USED ebspbcuf19775@outlook.com (204/564)
16:53:54 USED ebtjsxyw577524@outlook.com (205/564)
16:54:05 USED ebtncvi060859@outlook.com (206/564)
16:54:12 USED ebtphcl79248@outlook.com (207/564)
16:54:19 USED ebudclps59383@outlook.com (208/564)
16:54:23 USED ecayed022562@outlook.com (209/564)
16:54:30 USED ecdftg61401@outlook.com (210/564)
16:54:37 USED ecdjumzy815275@outlook.com (211/564)
16:54:54 USED eciuecvb63158@outlook.com (212/564)
16:55:10 USED ecnygxt37100@outlook.com (213/564)
16:55:13 USED ecfnbd47323@outlook.com (214/564)
16:55:23 USED ectjjs833645@outlook.com (215/564)
16:55:34 USED ecucorbu43658@outlook.com (216/564)
16:55:37 USED ecvkfpdm96818@outlook.com (217/564)
16:55:45 USED ecxvgetk81489@outlook.com (218/564)
16:55:52 USED eczvsz615991@outlook.com (219/564)
16:55:59 USED edamns71473@outlook.com (220/564)
16:56:11 USED edeoqd98023@outlook.com (222/564)
16:56:16 USED edfwndl85820@outlook.com (223/564)
16:56:24 USED edhhvmwg012855@outlook.com (224/564)
16:56:34 USED edmommyx71422@outlook.com (226/564)
16:57:00 USED edrraxcz810453@outlook.com (228/564)
16:57:03 USED edujtou702682@outlook.com (229/564)
16:57:15 USED edxoqae92206@outlook.com (230/564)
16:57:37 USED edzlqqw100170@outlook.com (231/564)
16:57:37 USED eebgpo51579@outlook.com (232/564)
16:57:49 USED eeelhx78304@outlook.com (233/564)
16:57:49 USED eefsbgou301190@outlook.com (234/564)
16:58:02 USED eelnaa490928@outlook.com (235/564)
16:58:02 USED eeqklpf94305@outlook.com (236/564)
16:58:13 USED eesyrz49510@outlook.com (237/564)
16:58:20 USED eevyxs16435@outlook.com (238/564)
16:58:25 USED eexngans59891@outlook.com (239/564)
16:58:31 USED eezgpsqg166295@outlook.com (240/564)
16:58:36 USED efcrvpkr07604@outlook.com (241/564)
16:58:44 USED efgmlv44782@outlook.com (242/564)
16:58:54 USED efjvap373612@outlook.com (243/564)
16:58:59 USED efmxratr822827@outlook.com (244/564)
16:59:05 USED efqqma25186@outlook.com (245/564)
16:59:15 USED efrgsq78057@outlook.com (246/564)
16:59:21 USED efuhza76132@outlook.com (247/564)
16:59:32 USED efxhqp952484@outlook.com (248/564)
16:59:32 USED egcpxh127201@outlook.com (249/564)
16:59:44 USED egkrqy238268@outlook.com (250/564)
16:59:44 USED egnucs75318@outlook.com (251/564)
16:59:55 USED egzcaz32651@outlook.com (252/564)
16:59:59 USED ehdxsvcj028038@outlook.com (253/564)
17:00:06 USED ehhrbryh73351@outlook.com (254/564)
17:00:12 USED ehhzzasr553656@outlook.com (255/564)
17:00:17 USED ehjmwfld41201@outlook.com (256/564)
17:00:25 USED ehkrgw171893@outlook.com (257/564)
17:00:30 USED ehoohw29655@outlook.com (258/564)
17:00:47 USED ehreveoe14562@outlook.com (259/564)
17:01:01 USED ehtwxid147008@outlook.com (260/564)
17:01:14 USED ehusnuax22310@outlook.com (261/564)
17:01:25 USED ehvmtnv345838@outlook.com (262/564)
17:01:37 USED ehwrqwvp739650@outlook.com (263/564)
17:01:48 USED eiakzy324934@outlook.com (264/564)
17:02:00 USED eibenl34528@outlook.com (265/564)
17:02:08 USED eidiestg032716@outlook.com (266/564)
17:02:20 USED eifoef925431@outlook.com (267/564)
17:02:32 USED eiitje49496@outlook.com (268/564)
17:03:36 USED eiqvnil14559@outlook.com (271/564)
17:03:45 USED eiwfwgih41409@outlook.com (273/564)
17:03:47 USED eizfzeru974986@outlook.com (274/564)
17:03:55 USED ejaexd820119@outlook.com (275/564)
17:03:55 USED ejkiqyrc44183@outlook.com (276/564)
17:04:05 USED ejomjfy39522@outlook.com (277/564)
17:04:10 USED ejtajgre54424@outlook.com (278/564)
17:04:14 USED ejwmccr672435@outlook.com (279/564)
17:04:19 USED ekaquzif760565@outlook.com (280/564)
17:04:23 USED ekczlebw754467@outlook.com (281/564)
17:04:28 USED ekdvfke95914@outlook.com (282/564)
17:04:37 USED ekhxjpj48865@outlook.com (283/564)
17:04:41 USED ekitqy040451@outlook.com (284/564)
17:04:46 USED ekppgjyr140058@outlook.com (285/564)
17:04:50 USED ekqqdsc89094@outlook.com (286/564)
17:04:57 USED ekuhdnl625014@outlook.com (287/564)
17:04:59 USED ekyafd41792@outlook.com (288/564)
17:05:09 USED elhvhsbg776800@outlook.com (289/564)
17:05:09 USED eljhsjt81504@outlook.com (290/564)
17:05:19 USED elmvoee65188@outlook.com (291/564)
17:05:19 USED elonfmr13091@outlook.com (292/564)
17:05:28 USED elswnga14430@outlook.com (293/564)
17:05:33 USED eluhumv860475@outlook.com (294/564)
17:05:41 USED elvdck58632@outlook.com (295/564)
17:05:42 USED elvzoaes69655@outlook.com (296/564)
17:05:50 USED emegzt965418@outlook.com (297/564)
17:05:55 USED emehplv57029@outlook.com (298/564)
17:05:59 USED emmnveic992980@outlook.com (299/564)
17:06:06 USED emorrg536410@outlook.com (300/564)
17:06:09 USED empcjdbr028030@outlook.com (301/564)
17:06:17 USED emsygwa16937@outlook.com (302/564)
17:06:28 USED emumauc870750@outlook.com (303/564)
17:06:28 USED emxnptz631598@outlook.com (304/564)
17:06:39 USED emyhkv459712@outlook.com (305/564)
17:06:39 USED eneldbia911598@outlook.com (306/564)
17:06:49 USED enffou493910@outlook.com (307/564)
17:07:10 USED enjrjwe20908@outlook.com (308/564)
17:07:57 USED enqejcl060763@outlook.com (311/564)
17:08:06 USED ensyygk36636@outlook.com (312/564)
17:08:08 USED eobutqui03552@outlook.com (313/564)
17:08:18 USED eoeyhino40327@outlook.com (314/564)
17:08:23 USED eofcfj93294@outlook.com (315/564)
17:08:31 USED eofhwpx20088@outlook.com (316/564)
17:08:33 USED eohugpvz65766@outlook.com (317/564)
17:08:42 USED eohvccwm98583@outlook.com (318/564)
17:08:46 USED eooadont455757@outlook.com (319/564)
17:08:53 USED eopsckss52123@outlook.com (320/564)
17:08:58 USED eousgm70990@outlook.com (321/564)
17:09:08 USED epaplgpa723304@outlook.com (322/564)
17:09:16 USED epblnqnu224135@outlook.com (323/564)
17:09:37 USED epingdjv27940@outlook.com (326/564)
17:09:38 USED epmuhouf78888@outlook.com (327/564)
17:09:48 USED epofiu86666@outlook.com (328/564)
17:09:57 USED eppanhsz856928@outlook.com (329/564)
17:09:57 USED eppgtfp208237@outlook.com (330/564)
17:10:08 USED epsmhdio04358@outlook.com (331/564)
17:10:08 USED epvflps81575@outlook.com (332/564)
17:10:19 USED epydbszs165669@outlook.com (333/564)
17:10:19 USED eqcchil33689@outlook.com (334/564)
17:10:38 USED eqdiezkj003329@outlook.com (335/564)
17:10:38 USED eqdxmso620750@outlook.com (336/564)
17:10:49 USED eqezmii431826@outlook.com (337/564)
17:10:49 USED eqgcapo89795@outlook.com (338/564)
17:11:00 USED eqhxgp806719@outlook.com (339/564)
17:11:00 USED eqkano80633@outlook.com (340/564)
17:11:11 USED eqpftec865968@outlook.com (341/564)
17:11:12 USED eqkwngs79554@outlook.com (342/564)
17:11:22 USED ercivib083316@outlook.com (343/564)
17:11:22 USED ergbiu462701@outlook.com (344/564)
17:11:34 USED erszpm316242@outlook.com (345/564)
17:11:34 USED ervxty96769@outlook.com (346/564)
17:11:45 USED esazicr949815@outlook.com (347/564)
17:11:46 USED esenvo778471@outlook.com (348/564)
17:11:59 USED esojpxz61444@outlook.com (349/564)
17:12:12 USED eswasd96425@outlook.com (352/564)
17:12:22 USED eswwrmc97797@outlook.com (353/564)
17:12:23 USED etbvsb09843@outlook.com (354/564)
17:12:34 USED etgjmuof547364@outlook.com (355/564)
17:12:34 USED etdfwc479538@outlook.com (356/564)
17:12:45 USED ethkxlc53409@outlook.com (357/564)
17:12:46 USED etgxhgn567315@outlook.com (358/564)
17:13:09 USED etniaz20604@outlook.com (359/564)
17:13:11 USED etpvxx845898@outlook.com (360/564)
17:13:28 USED etrrbnlx651638@outlook.com (361/564)
17:13:29 USED etwiau31080@outlook.com (362/564)
17:13:49 USED etzslo710762@outlook.com (364/564)
17:14:00 USED eualtvru85925@outlook.com (365/564)
17:14:01 USED euavrhm49630@outlook.com (366/564)
17:14:11 USED euejuif98769@outlook.com (367/564)
17:14:12 USED eufpmcpo455994@outlook.com (368/564)
17:14:21 USED eujvzue800027@outlook.com (369/564)
17:14:24 USED euppiu355146@outlook.com (370/564)
17:14:33 USED euvcvq751218@outlook.com (371/564)
17:14:34 USED evakfdqj162930@outlook.com (372/564)
17:14:45 USED evmnnc566064@outlook.com (373/564)
17:14:46 USED evqehd84819@outlook.com (374/564)
17:14:58 USED evsrvl96928@outlook.com (375/564)
17:14:58 USED evqwpun322649@outlook.com (376/564)
17:15:11 USED ewfypnr71015@outlook.com (377/564)
17:15:13 USED ewohqmci926474@outlook.com (378/564)
17:15:27 USED ewuffmku814525@outlook.com (379/564)
17:15:29 USED ewwkyiag367409@outlook.com (380/564)
17:16:04 USED exhuwgq48956@outlook.com (382/564)
17:16:26 USED extbbyd645752@outlook.com (383/564)
17:16:30 USED eyctxe290906@outlook.com (384/564)
17:16:48 USED WilliamsGerald7328@outlook.com (385/564)
17:16:54 USED WilliamsChristine4388@outlook.com (386/564)
17:17:04 USED WillisStephanie2160@outlook.com (387/564)
17:17:08 USED WolfMark5010@outlook.com (388/564)
17:17:14 USED VaughnFrank1185@outlook.com (389/564)
17:17:18 USED WrightJesse8094@outlook.com (390/564)
17:17:24 USED YangNatalie3175@outlook.com (391/564)
17:17:28 USED VincentWilliams2345@outlook.com (392/564)
17:17:33 USED ZhangDaniel1268@outlook.com (393/564)
17:17:38 USED VanceLinda6743@outlook.com (394/564)
17:17:44 USED hmxawzy38359@outlook.com (395/564)
17:17:48 USED hnaeoukm66730@outlook.com (396/564)
17:17:55 USED hnbaoo846293@outlook.com (397/564)
17:17:58 USED hnhdthzm343589@outlook.com (398/564)
17:18:07 USED hnmjsjd26549@outlook.com (399/564)
17:18:12 USED hnrqba396512@outlook.com (400/564)
17:18:19 USED hnvptl097138@outlook.com (401/564)
17:18:22 USED hnyperk653003@outlook.com (402/564)
17:18:30 USED hoaddtr04339@outlook.com (403/564)
17:18:33 USED hofwekv35395@outlook.com (404/564)
17:18:40 USED hoihugrh80810@outlook.com (405/564)
17:18:45 USED hokiqp403033@outlook.com (406/564)
17:18:51 USED hollvz35660@outlook.com (407/564)
17:18:56 USED homfwkl09081@outlook.com (408/564)
17:19:02 USED homvlc432405@outlook.com (409/564)
17:19:07 USED hornluh43692@outlook.com (410/564)
17:19:14 USED horsej17371@outlook.com (411/564)
17:19:19 USED hosghbbk625014@outlook.com (412/564)
17:19:25 USED houytuvb236500@outlook.com (413/564)
17:19:30 USED hpibynk93666@outlook.com (414/564)
17:19:37 USED hpoeyedi544576@outlook.com (415/564)
17:19:41 USED hptkfedj84394@outlook.com (416/564)
17:19:48 USED hpyhmqwj681854@outlook.com (417/564)
17:19:52 USED hqaxdje78488@outlook.com (418/564)
17:19:58 USED hqfdiip82634@outlook.com (419/564)
17:20:04 USED hqftihz53671@outlook.com (420/564)
17:20:10 USED hqhbke081265@outlook.com (421/564)
17:20:14 USED hqiwlwbm901974@outlook.com (422/564)
17:20:22 USED hqlksvo24396@outlook.com (423/564)
17:20:24 USED hqwhnf85595@outlook.com (424/564)
17:20:34 USED hqwzpqa72478@outlook.com (425/564)
17:20:36 USED hrbtisi142599@outlook.com (426/564)
17:20:45 USED hrcbbhy58739@outlook.com (427/564)
17:20:46 USED hrfhnqd642423@outlook.com (428/564)
17:20:55 USED hrgfost30752@outlook.com (429/564)
17:20:56 USED hrkpngvt02068@outlook.com (430/564)
17:21:06 USED hrmblo503292@outlook.com (431/564)
17:21:08 USED hrmylb03170@outlook.com (432/564)
17:21:17 USED hrzdep38723@outlook.com (433/564)
17:21:19 USED hsdjkj88348@outlook.com (434/564)
17:21:28 USED hsmkic401664@outlook.com (435/564)
17:21:30 USED hsobplyu85195@outlook.com (436/564)
17:22:40 USED htlqxy76024@outlook.com (440/564)
17:22:40 USED htgxat877410@outlook.com (441/564)
17:22:51 USED htxbcpz513142@outlook.com (442/564)
17:22:51 USED hudjnb472662@outlook.com (443/564)
17:23:01 USED huibfgez644239@outlook.com (444/564)
17:23:01 USED huitoov40962@outlook.com (445/564)
17:23:12 USED hupczy726498@outlook.com (446/564)
17:23:12 USED humhhcwa799089@outlook.com (447/564)
17:23:22 USED huutrprl06475@outlook.com (448/564)
17:23:22 USED huvivbcv807893@outlook.com (449/564)
17:23:32 USED hvaiwewg20331@outlook.com (450/564)
17:23:33 USED hvdicv793770@outlook.com (451/564)
17:23:44 USED hvjkufv127575@outlook.com (452/564)
17:23:45 USED hvwfhdrz333364@outlook.com (453/564)
17:23:54 USED hvwrfsd431637@outlook.com (454/564)
17:23:56 USED hwheqyki90102@outlook.com (455/564)
17:24:05 USED hwhmxpo326727@outlook.com (456/564)
17:24:06 USED hwjgcbdi223388@outlook.com (457/564)
17:24:16 USED hwjwqqhm28162@outlook.com (458/564)
17:24:17 USED hwpsvaju54330@outlook.com (459/564)
17:24:28 USED hwtxfygx22321@outlook.com (460/564)
17:24:28 USED hwwzkaz14197@outlook.com (461/564)
17:24:39 USED hxbnhu18184@outlook.com (462/564)
17:24:39 USED hxadogju210987@outlook.com (463/564)
17:24:49 USED hxcpvive11308@outlook.com (464/564)
17:24:50 USED hxfgycr197711@outlook.com (465/564)
17:25:00 USED hxjfsc67904@outlook.com (466/564)
17:25:01 USED hxjpei13450@outlook.com (467/564)
17:25:10 USED hxjvmv617549@outlook.com (468/564)
17:25:15 USED hxodhk61533@outlook.com (469/564)
17:25:20 USED hxookb29179@outlook.com (470/564)
17:25:27 USED hxsjnlxx762610@outlook.com (471/564)
17:25:32 USED hxtbuac221971@outlook.com (472/564)
17:25:37 USED hxttgu70243@outlook.com (473/564)
17:25:43 USED hxwgli23571@outlook.com (474/564)
17:25:48 USED hxxqvi25593@outlook.com (475/564)
17:25:53 USED hyagss113934@outlook.com (476/564)
17:26:44 USED hyhwwyg50920@outlook.com (480/564)
17:27:05 USED hynggfyj26137@outlook.com (482/564)
17:27:09 USED hynesym483841@outlook.com (483/564)
17:27:15 USED hynjwvkv920809@outlook.com (484/564)
17:27:25 USED hyogvrw386633@outlook.com (485/564)
17:27:35 USED hyphzjvu70192@outlook.com (486/564)
17:27:41 USED hyuywyhp92638@outlook.com (487/564)
17:27:56 USED hyvsydp77181@outlook.com (488/564)
17:28:04 USED hyxebr40092@outlook.com (489/564)
17:28:13 USED hyzojcx78873@outlook.com (490/564)
17:28:22 USED hzigguec34852@outlook.com (491/564)
17:28:29 USED hznidm06829@outlook.com (492/564)
17:28:37 USED hznmsc56526@outlook.com (493/564)
17:28:48 USED hzyuxvl99602@outlook.com (494/564)
17:28:54 USED iacztpzo655425@outlook.com (495/564)
17:29:25 USED ianvlrxq136843@outlook.com (497/564)
17:29:36 USED iaoupqv13990@outlook.com (498/564)
17:29:43 USED iarxir27149@outlook.com (499/564)
17:29:49 USED iavoykm224369@outlook.com (500/564)
17:29:53 USED iazkinl73194@outlook.com (501/564)
17:30:00 USED ibcfczg33921@outlook.com (502/564)
17:30:10 USED ibnwkl30967@outlook.com (504/564)
17:30:14 USED ibqhuax35464@outlook.com (505/564)
17:30:20 USED ibtrnipi225469@outlook.com (506/564)
17:30:25 USED ibxiazwo731012@outlook.com (507/564)
17:30:31 USED icahkcmy54116@outlook.com (508/564)
17:30:36 USED icazoaz30685@outlook.com (509/564)
17:30:42 USED icbdwpk70299@outlook.com (510/564)
17:30:48 USED iccccmr83287@outlook.com (511/564)
17:30:54 USED icezmgf205548@outlook.com (512/564)
17:30:58 USED icfycu78209@outlook.com (513/564)
17:31:05 USED ichyfbe606109@outlook.com (514/564)
17:31:09 USED icmeudls818887@outlook.com (515/564)
17:31:11 USED icmvhb84744@outlook.com (516/564)
17:31:19 USED icnjaw753360@outlook.com (517/564)
17:31:21 USED icqahfi78174@outlook.com (518/564)
17:31:32 USED icwlrhvz48588@outlook.com (520/564)
17:31:40 USED icwnpg84079@outlook.com (521/564)
17:31:43 USED idainwhj040466@outlook.com (522/564)
17:31:51 USED idbvlo159753@outlook.com (523/564)
17:31:53 USED idfxfv90192@outlook.com (524/564)
17:32:01 USED idkugpn66486@outlook.com (525/564)
17:32:04 USED idpxken52190@outlook.com (526/564)
17:32:12 USED idutuhs282948@outlook.com (527/564)
17:32:13 USED idwlmaf88387@outlook.com (528/564)
17:32:20 USED vhqbmw79774p@outlook.com (529/564)
17:32:23 USED idwroas21352@outlook.com (530/564)
17:32:26 USED isavpdmy93322@outlook.com (531/564)
17:32:33 USED iszdorm940628@outlook.com (532/564)
17:32:36 USED itblkc615082@outlook.com (533/564)
17:32:44 USED itccwk066457@outlook.com (534/564)
17:32:47 USED iterapi477027@outlook.com (535/564)
17:32:55 USED itfzvw931367@outlook.com (536/564)
17:32:57 USED itgjic78444@outlook.com (537/564)
17:33:05 USED itioudm465593@outlook.com (538/564)
17:33:07 USED itnjqgs93973@outlook.com (539/564)
17:33:16 USED itobxhjc26336@outlook.com (540/564)
17:33:18 USED itvbcj86980@outlook.com (541/564)
17:33:26 USED itvmej57313@outlook.com (542/564)
17:33:29 USED itwnqop228620@outlook.com (543/564)
17:33:37 USED iuanznz230808@outlook.com (544/564)
17:33:40 USED iufawgh169178@outlook.com (545/564)
17:33:47 USED iuiwkp55874@outlook.com (546/564)
17:33:50 USED iuklbqag687386@outlook.com (547/564)
17:33:58 USED iulxuu413221@outlook.com (548/564)
17:34:00 USED iuvexjy36758@outlook.com (549/564)
17:34:09 USED iuvjvi36456@outlook.com (550/564)
17:34:10 USED ivakzpe33722@outlook.com (551/564)
17:34:19 USED ivdlsra68616@outlook.com (552/564)
17:34:21 USED ivjfwiq20938@outlook.com (553/564)
17:34:29 USED ivkgpaxb123775@outlook.com (554/564)
17:34:31 USED ivkqoflx91279@outlook.com (555/564)
17:34:40 USED ivrodjxf671836@outlook.com (556/564)
17:34:41 USED ivsrfify945552@outlook.com (557/564)
17:35:05 USED ivxeyiia086812@outlook.com (558/564)
17:35:23 USED ivxvwn489403@outlook.com (560/564)
17:35:26 USED iwacliy18373@outlook.com (561/564)
17:35:42 USED iwdogncr94213@outlook.com (562/564)
17:35:43 USED iwbqftxj62993@outlook.com (563/564)
17:35:54 USED iwelbrhc206716@outlook.com (564/564)
17:35:55 === 完成: 用过 426 | 干净 130 | 失败 8 | 用时 74min ===
 ibtrnipi225469@outlook.com (513/571)
17:05:59 USED ibxiazwo731012@outlook.com (514/571)
17:06:07 USED icahkcmy54116@outlook.com (515/571)
17:06:09 USED icazoaz30685@outlook.com (516/571)
17:06:17 USED icbdwpk70299@outlook.com (517/571)
17:06:19 USED iccccmr83287@outlook.com (518/571)
17:06:19 USED icezmgf205548@outlook.com (519/571)
17:06:29 USED icfycu78209@outlook.com (520/571)
17:06:30 USED ichyfbe606109@outlook.com (521/571)
17:06:35 USED icmeudls818887@outlook.com (522/571)
17:06:35 USED icmvhb84744@outlook.com (523/571)
17:06:45 USED icnjaw753360@outlook.com (524/571)
17:06:45 USED icqahfi78174@outlook.com (525/571)
17:07:56 USED idbvlo159753@outlook.com (530/571)
17:07:57 USED idfxfv90192@outlook.com (531/571)
17:08:06 USED idkugpn66486@outlook.com (532/571)
17:08:07 USED idpxken52190@outlook.com (533/571)
17:08:17 USED idutuhs282948@outlook.com (534/571)
17:08:17 USED idwlmaf88387@outlook.com (535/571)
17:08:18 USED idwroas21352@outlook.com (536/571)
17:08:23 USED isavpdmy93322@outlook.com (537/571)
17:08:24 USED vhqbmw79774p@outlook.com (538/571)
17:08:31 USED iszdorm940628@outlook.com (539/571)
17:08:33 USED itblkc615082@outlook.com (540/571)
17:08:42 USED itccwk066457@outlook.com (541/571)
17:08:45 USED iterapi477027@outlook.com (542/571)
17:08:53 USED itfzvw931367@outlook.com (543/571)
17:08:53 USED itgjic78444@outlook.com (544/571)
17:08:58 USED itioudm465593@outlook.com (545/571)
17:09:04 USED itnjqgs93973@outlook.com (546/571)
17:09:04 USED itobxhjc26336@outlook.com (547/571)
17:09:08 USED itvbcj86980@outlook.com (548/571)
17:09:16 USED itvmej57313@outlook.com (549/571)
17:09:16 USED itwnqop228620@outlook.com (550/571)
17:09:27 USED iuanznz230808@outlook.com (551/571)
17:09:27 USED iufawgh169178@outlook.com (552/571)
17:09:28 USED iuiwkp55874@outlook.com (553/571)
17:09:37 USED iulxuu413221@outlook.com (554/571)
17:09:38 USED iuklbqag687386@outlook.com (555/571)
17:09:48 USED iuvexjy36758@outlook.com (556/571)
17:09:48 USED iuvjvi36456@outlook.com (557/571)
17:09:49 USED ivakzpe33722@outlook.com (558/571)
17:09:58 USED ivjfwiq20938@outlook.com (559/571)
17:10:08 USED ivkgpaxb123775@outlook.com (560/571)
17:10:18 USED ivkqoflx91279@outlook.com (561/571)
17:10:18 USED ivrodjxf671836@outlook.com (562/571)
17:10:28 USED ivtnokr324264@outlook.com (563/571)
17:10:28 USED ivdlsra68616@outlook.com (564/571)
17:10:28 USED ivsrfify945552@outlook.com (565/571)
17:10:39 USED iwacliy18373@outlook.com (566/571)
17:10:39 USED ivxeyiia086812@outlook.com (567/571)
17:10:40 USED ivxvwn489403@outlook.com (568/571)
17:10:51 USED iwdogncr94213@outlook.com (569/571)
17:10:51 USED iwbqftxj62993@outlook.com (570/571)
17:10:58 USED iwelbrhc206716@outlook.com (571/571)
17:10:59 === 完成: 用过 428 | 干净 107 | 失败 36 | 用时 57min ===
